// Jest Snapshot v1, https://goo.gl/fbAQLP

exports[`renders Space component with listed space correctly 1`] = `
<li
  className="container"
>
  <h3
    className="title"
  >
    abc road
  </h3>
  <div
    className="images"
  >
    <div
      className="GestureGallery"
      onMouseMove={[Function]}
      style={
        Object {
          "height": "100%",
          "position": "relative",
          "width": "100%",
        }
      }
    >
      <div
        className="Gesture-view"
        onMouseDown={[Function]}
        onMouseDownCapture={[Function]}
        onTouchEnd={[Function]}
        onTouchMove={[Function]}
        onTouchMoveCapture={[Function]}
        onTouchStart={[Function]}
        onTouchStartCapture={[Function]}
        style={
          Object {
            "display": "flex",
            "flexDirection": "column",
            "height": "100%",
            "overflow": "hidden",
            "width": "100%",
          }
        }
      >
        <div
          className="Gesture-view__animated-container"
          style={
            Object {
              "direction": "ltr",
              "display": "flex",
              "flex": 1,
              "flexDirection": "row",
              "minHeight": 0,
              "transform": " translateX(0%)",
              "willChange": "transform",
            }
          }
        >
          <div
            aria-hidden={false}
            className="Gesture-view__pane"
            style={
              Object {
                "alignSelf": "stretch",
                "display": "flex",
                "flexDirection": "column",
                "flexShrink": 0,
                "height": "100%",
                "justifyContent": "flex-start",
                "outline": "none",
                "overflow": "hidden",
                "width": "100%",
              }
            }
            tabIndex={0}
          >
            <div
              className="GalleryImage"
              style={
                Object {
                  "display": "flex",
                  "flex": 1,
                  "height": "100%",
                  "overflow": "hidden",
                }
              }
            >
              <img
                onDragStart={[Function]}
                src="someUrls"
                style={
                  Object {
                    "display": "block",
                    "height": "auto",
                    "margin": "0 auto",
                    "maxHeight": "100%",
                    "maxWidth": "100%",
                    "objectFit": "cover",
                  }
                }
              />
            </div>
          </div>
        </div>
      </div>
      <div
        aria-hidden={true}
        aria-label="Show previous image"
        className="Gallery__NavigationArrow"
        onMouseEnter={[Function]}
        onMouseLeave={[Function]}
        style={
          Object {
            "left": "1rem",
            "opacity": 0,
            "pointerEvents": "none",
            "position": "absolute",
            "top": "50%",
            "transform": "translateY(-50%)",
            "transition": "opacity 0.5s ease",
          }
        }
      >
        <button
          onClick={[Function]}
          style={
            Object {
              "alignItems": "center",
              "background": "rgba(255,255,255,0.7)",
              "border": "none",
              "borderRadius": "50%",
              "cursor": "pointer",
              "display": "flex",
              "height": "50px",
              "justifyContent": "center",
              "width": "50px",
            }
          }
        >
          <svg
            fill="none"
            height="30"
            stroke="currentColor"
            strokeLinecap="round"
            strokeLinejoin="round"
            strokeWidth="2"
            style={
              Object {
                "marginRight": "2px",
                "marginTop": "2px",
              }
            }
            viewBox="0 0 24 24"
            width="30"
          >
            <polyline
              points="15 18 9 12 15 6"
            />
          </svg>
        </button>
      </div>
      <div
        aria-hidden={true}
        aria-label="Show next image"
        className="Gallery__NavigationArrow"
        onMouseEnter={[Function]}
        onMouseLeave={[Function]}
        style={
          Object {
            "opacity": 0,
            "pointerEvents": "none",
            "position": "absolute",
            "right": "1rem",
            "top": "50%",
            "transform": "translateY(-50%)",
            "transition": "opacity 0.5s ease",
          }
        }
      >
        <button
          onClick={[Function]}
          style={
            Object {
              "alignItems": "center",
              "background": "rgba(255,255,255,0.7)",
              "border": "none",
              "borderRadius": "50%",
              "cursor": "pointer",
              "display": "flex",
              "height": "50px",
              "justifyContent": "center",
              "width": "50px",
            }
          }
        >
          <svg
            fill="none"
            height="30"
            stroke="currentColor"
            strokeLinecap="round"
            strokeLinejoin="round"
            strokeWidth="2"
            style={
              Object {
                "marginLeft": "2px",
                "marginTop": "2px",
              }
            }
            viewBox="0 0 24 24"
            width="30"
          >
            <polyline
              points="9 18 15 12 9 6"
            />
          </svg>
        </button>
      </div>
      <div
        className="Gallery__Indicators"
        style={
          Object {
            "bottom": "1rem",
            "display": "flex",
            "justifyContent": "center",
            "left": "50%",
            "opacity": 1,
            "pointerEvents": "none",
            "position": "absolute",
            "transform": "translateX(-50%)",
            "transition": "opacity 0.5s ease",
          }
        }
      >
        <div
          style={
            Object {
              "background": "white",
              "borderRadius": "50%",
              "height": "7px",
              "margin": "4px",
              "transition": "background 0.2s ease",
              "width": "7px",
            }
          }
        />
      </div>
    </div>
  </div>
  <div
    className="details"
  >
    <p
      className="detail"
    >
      Postcode: 
      bn12nb
    </p>
    <p
      className="detail"
    >
      No. of Beds: 
      2
    </p>
    <p
      className="detail"
    >
      Description: 
      lovely house with garden
    </p>
    <p
      className="detail"
    >
      Price: 
      230
    </p>
    <p
      className="detail"
    >
      Expires on: 
      Sat Nov 30 2019 19:26:33
    </p>
  </div>
  <div
    className="actionGroup"
  >
    <button
      className="action"
      onClick={[Function]}
    >
      Remove Space
    </button>
    <button
      className="action"
      onClick={[Function]}
    >
      Update Space
    </button>
  </div>
</li>
`;
