// Jest Snapshot v1, https://goo.gl/fbAQLP

exports[`renders Header component correctly 1`] = `
<div
  className="container"
>
  <h1>
    Spaces
  </h1>
</div>
`;
